// Jest Snapshot v1, https://goo.gl/fbAQLP

exports[`<Insats /> renders 1`] = `
<View
  onMoveShouldSetResponder={[Function]}
  onMoveShouldSetResponderCapture={[Function]}
  onResponderEnd={[Function]}
  onResponderGrant={[Function]}
  onResponderMove={[Function]}
  onResponderReject={[Function]}
  onResponderRelease={[Function]}
  onResponderStart={[Function]}
  onResponderTerminate={[Function]}
  onResponderTerminationRequest={[Function]}
  onStartShouldSetResponder={[Function]}
  onStartShouldSetResponderCapture={[Function]}
  style={
    Object {
      "alignItems": "center",
      "backgroundColor": "white",
      "borderColor": "black",
      "borderWidth": 2,
      "flexDirection": "row",
      "justifyContent": "center",
      "paddingBottom": 10,
      "paddingTop": 10,
      "shadowOpacity": 0.2,
      "shadowRadius": 2,
      "transform": Array [
        Object {
          "translateX": 0,
        },
        Object {
          "translateY": 0,
        },
      ],
    }
  }
>
  <View>
    <Modal
      animationType="slide"
      hardwareAccelerated={false}
      onRequestClose={[Function]}
      transparent={true}
      visible={false}
    >
      <View
        style={
          Object {
            "alignItems": "center",
            "flex": 1,
            "justifyContent": "center",
            "marginTop": 22,
            "zIndex": 8,
          }
        }
      >
        <View
          style={
            Object {
              "alignItems": "center",
              "backgroundColor": "#ff8c00",
              "borderRadius": 10,
              "elevation": 5,
              "margin": 20,
              "padding": 55,
              "shadowColor": "#000",
              "shadowOffset": Object {
                "height": 2,
                "width": 0,
                "zIndex": 8,
              },
              "shadowOpacity": 0.25,
              "shadowRadius": 4,
            }
          }
        >
          <View
            style={
              Object {
                "marginBottom": 15,
                "textAlign": "center",
              }
            }
          >
            <Text
              style={
                Object {
                  "fontSize": 22,
                }
              }
            >
              !
            </Text>
          </View>
          <View
            accessible={true}
            focusable={true}
            onBlur={[Function]}
            onClick={[Function]}
            onFocus={[Function]}
            onResponderGrant={[Function]}
            onResponderMove={[Function]}
            onResponderRelease={[Function]}
            onResponderTerminate={[Function]}
            onResponderTerminationRequest={[Function]}
            onStartShouldSetResponder={[Function]}
            style={
              Array [
                Object {
                  "borderRadius": 20,
                  "elevation": 2,
                  "padding": 10,
                },
                Object {
                  "backgroundColor": "#2196F3",
                },
              ]
            }
          >
            <Text
              style={
                Object {
                  "color": "white",
                  "fontWeight": "bold",
                  "textAlign": "center",
                }
              }
            >
               DÃ¶lj 
            </Text>
          </View>
        </View>
      </View>
    </Modal>
    <Text />
  </View>
</View>
`;
