// Jest Snapshot v1, https://goo.gl/fbAQLP

exports[`des renders default elements 1`] = `
<View
  style={
    Object {
      "backgroundColor": "red",
    }
  }
>
  <ActivityIndicator
    animating={true}
    color="red"
    hidesWhenStopped={true}
    size="large"
  />
</View>
`;
